{
    int x = 0;
    struct Result_t res = func(x, str);
}