{
    for (const char *it = str; 1; it += 1) {
        if (!*it) {
            break;
        }
        printf("%c", *it);
    }
    printf("\n");
}